   ▲ Next.js 15.5.9
   - Environments: .env.local, .env.production, .env

   Creating an optimized production build ...
   Linting and checking validity of types ...
   Collecting page data ...
